TBBmalloc: skip allocation functions replacement in ucrtbase.dll: unknown prologue for function _msize
Blender 3.6.7 (hash cbd81f283d58 built 2023-12-12 10:03:21)
Read blend: "E:\Blender\game_character_gyaru\gyaru_game_character.blend"
Fra:1 Mem:42.85M (Peak 43.94M) | Time:00:00.43 | Syncing Body
Fra:1 Mem:44.27M (Peak 44.27M) | Time:00:00.44 | Syncing Gyaru_Rig
Fra:1 Mem:44.28M (Peak 44.28M) | Time:00:00.44 | Syncing Face
Fra:1 Mem:44.89M (Peak 44.89M) | Time:00:00.44 | Syncing Eyes_and_brows
Fra:1 Mem:45.45M (Peak 45.45M) | Time:00:00.44 | Syncing Accessories
Fra:1 Mem:45.51M (Peak 45.51M) | Time:00:00.45 | Syncing Top
Fra:1 Mem:45.72M (Peak 45.72M) | Time:00:00.45 | Syncing Shorts
Fra:1 Mem:46.27M (Peak 46.27M) | Time:00:00.45 | Syncing Footwear
Fra:1 Mem:46.75M (Peak 46.75M) | Time:00:00.45 | Syncing Hair
Fra:1 Mem:48.06M (Peak 48.06M) | Time:00:00.56 | Syncing Front
Fra:1 Mem:48.06M (Peak 48.06M) | Time:00:00.56 | Syncing Side
Fra:1 Mem:48.06M (Peak 48.06M) | Time:00:00.56 | Syncing Back
Fra:1 Mem:48.06M (Peak 48.06M) | Time:00:00.56 | Syncing ThreeQuarter
Fra:1 Mem:48.06M (Peak 48.06M) | Time:00:00.56 | Syncing Key
Fra:1 Mem:48.06M (Peak 48.06M) | Time:00:00.56 | Syncing Fill
Fra:1 Mem:48.06M (Peak 48.06M) | Time:00:00.56 | Syncing Rim
Fra:1 Mem:48.07M (Peak 48.07M) | Time:00:00.56 | Syncing Studio_ground
Fra:1 Mem:48.07M (Peak 48.07M) | Time:00:00.57 | Rendering 1 / 96 samples
Fra:1 Mem:44.22M (Peak 48.07M) | Time:00:00.80 | Rendering 26 / 96 samples
Fra:1 Mem:44.22M (Peak 48.07M) | Time:00:00.87 | Rendering 51 / 96 samples
Fra:1 Mem:44.22M (Peak 48.07M) | Time:00:00.93 | Rendering 76 / 96 samples
Fra:1 Mem:44.22M (Peak 48.07M) | Time:00:00.97 | Rendering 96 / 96 samples
Saved: 'E:\Blender\game_character_gyaru\preview\front.png'
 Time: 00:01.66 (Saving: 00:00.67)

Fra:1 Mem:43.38M (Peak 43.38M) | Time:00:00.00 | Syncing Body
Fra:1 Mem:44.71M (Peak 44.71M) | Time:00:00.01 | Syncing Gyaru_Rig
Fra:1 Mem:44.72M (Peak 44.72M) | Time:00:00.01 | Syncing Face
Fra:1 Mem:45.30M (Peak 45.30M) | Time:00:00.01 | Syncing Eyes_and_brows
Fra:1 Mem:45.83M (Peak 45.83M) | Time:00:00.01 | Syncing Accessories
Fra:1 Mem:45.88M (Peak 45.88M) | Time:00:00.01 | Syncing Top
Fra:1 Mem:46.08M (Peak 46.08M) | Time:00:00.01 | Syncing Shorts
Fra:1 Mem:46.60M (Peak 46.60M) | Time:00:00.01 | Syncing Footwear
Fra:1 Mem:47.07M (Peak 47.07M) | Time:00:00.01 | Syncing Hair
Fra:1 Mem:48.07M (Peak 48.07M) | Time:00:00.01 | Syncing Front
Fra:1 Mem:48.07M (Peak 48.07M) | Time:00:00.01 | Syncing Side
Fra:1 Mem:48.07M (Peak 48.07M) | Time:00:00.01 | Syncing Back
Fra:1 Mem:48.07M (Peak 48.07M) | Time:00:00.01 | Syncing ThreeQuarter
Fra:1 Mem:48.07M (Peak 48.07M) | Time:00:00.01 | Syncing Key
Fra:1 Mem:48.07M (Peak 48.07M) | Time:00:00.01 | Syncing Fill
Fra:1 Mem:48.07M (Peak 48.07M) | Time:00:00.01 | Syncing Rim
Fra:1 Mem:48.07M (Peak 48.07M) | Time:00:00.01 | Syncing Studio_ground
Fra:1 Mem:48.07M (Peak 48.07M) | Time:00:00.01 | Rendering 1 / 96 samples
Fra:1 Mem:44.22M (Peak 48.07M) | Time:00:00.08 | Rendering 26 / 96 samples
Fra:1 Mem:44.22M (Peak 48.07M) | Time:00:00.13 | Rendering 51 / 96 samples
Fra:1 Mem:44.22M (Peak 48.07M) | Time:00:00.17 | Rendering 76 / 96 samples
Fra:1 Mem:44.22M (Peak 48.07M) | Time:00:00.22 | Rendering 96 / 96 samples
Saved: 'E:\Blender\game_character_gyaru\preview\side.png'
 Time: 00:00.33 (Saving: 00:00.10)

Fra:1 Mem:43.38M (Peak 43.38M) | Time:00:00.01 | Syncing Body
Fra:1 Mem:44.71M (Peak 44.71M) | Time:00:00.01 | Syncing Gyaru_Rig
Fra:1 Mem:44.72M (Peak 44.72M) | Time:00:00.01 | Syncing Face
Fra:1 Mem:45.30M (Peak 45.30M) | Time:00:00.01 | Syncing Eyes_and_brows
Fra:1 Mem:45.83M (Peak 45.83M) | Time:00:00.01 | Syncing Accessories
Fra:1 Mem:45.88M (Peak 45.88M) | Time:00:00.01 | Syncing Top
Fra:1 Mem:46.08M (Peak 46.08M) | Time:00:00.01 | Syncing Shorts
Fra:1 Mem:46.60M (Peak 46.60M) | Time:00:00.01 | Syncing Footwear
Fra:1 Mem:47.07M (Peak 47.07M) | Time:00:00.01 | Syncing Hair
Fra:1 Mem:48.07M (Peak 48.07M) | Time:00:00.01 | Syncing Front
Fra:1 Mem:48.07M (Peak 48.07M) | Time:00:00.01 | Syncing Side
Fra:1 Mem:48.07M (Peak 48.07M) | Time:00:00.01 | Syncing Back
Fra:1 Mem:48.07M (Peak 48.07M) | Time:00:00.01 | Syncing ThreeQuarter
Fra:1 Mem:48.07M (Peak 48.07M) | Time:00:00.01 | Syncing Key
Fra:1 Mem:48.07M (Peak 48.07M) | Time:00:00.01 | Syncing Fill
Fra:1 Mem:48.07M (Peak 48.07M) | Time:00:00.01 | Syncing Rim
Fra:1 Mem:48.07M (Peak 48.07M) | Time:00:00.01 | Syncing Studio_ground
Fra:1 Mem:48.07M (Peak 48.07M) | Time:00:00.01 | Rendering 1 / 96 samples
Fra:1 Mem:44.22M (Peak 48.07M) | Time:00:00.08 | Rendering 26 / 96 samples
Fra:1 Mem:44.22M (Peak 48.07M) | Time:00:00.13 | Rendering 51 / 96 samples
Fra:1 Mem:44.22M (Peak 48.07M) | Time:00:00.18 | Rendering 76 / 96 samples
Fra:1 Mem:44.22M (Peak 48.07M) | Time:00:00.22 | Rendering 96 / 96 samples
Saved: 'E:\Blender\game_character_gyaru\preview\back.png'
 Time: 00:00.33 (Saving: 00:00.09)

Fra:1 Mem:43.38M (Peak 43.38M) | Time:00:00.01 | Syncing Body
Fra:1 Mem:44.71M (Peak 44.71M) | Time:00:00.01 | Syncing Gyaru_Rig
Fra:1 Mem:44.72M (Peak 44.72M) | Time:00:00.01 | Syncing Face
Fra:1 Mem:45.30M (Peak 45.30M) | Time:00:00.01 | Syncing Eyes_and_brows
Fra:1 Mem:45.83M (Peak 45.83M) | Time:00:00.01 | Syncing Accessories
Fra:1 Mem:45.88M (Peak 45.88M) | Time:00:00.01 | Syncing Top
Fra:1 Mem:46.08M (Peak 46.08M) | Time:00:00.01 | Syncing Shorts
Fra:1 Mem:46.60M (Peak 46.60M) | Time:00:00.01 | Syncing Footwear
Fra:1 Mem:47.07M (Peak 47.07M) | Time:00:00.01 | Syncing Hair
Fra:1 Mem:48.07M (Peak 48.07M) | Time:00:00.01 | Syncing Front
Fra:1 Mem:48.07M (Peak 48.07M) | Time:00:00.01 | Syncing Side
Fra:1 Mem:48.07M (Peak 48.07M) | Time:00:00.01 | Syncing Back
Fra:1 Mem:48.07M (Peak 48.07M) | Time:00:00.01 | Syncing ThreeQuarter
Fra:1 Mem:48.07M (Peak 48.07M) | Time:00:00.01 | Syncing Key
Fra:1 Mem:48.07M (Peak 48.07M) | Time:00:00.01 | Syncing Fill
Fra:1 Mem:48.07M (Peak 48.07M) | Time:00:00.01 | Syncing Rim
Fra:1 Mem:48.07M (Peak 48.07M) | Time:00:00.01 | Syncing Studio_ground
Fra:1 Mem:48.07M (Peak 48.07M) | Time:00:00.01 | Rendering 1 / 96 samples
Fra:1 Mem:44.22M (Peak 48.07M) | Time:00:00.14 | Rendering 26 / 96 samples
Fra:1 Mem:44.22M (Peak 48.07M) | Time:00:00.22 | Rendering 51 / 96 samples
Fra:1 Mem:44.22M (Peak 48.07M) | Time:00:00.31 | Rendering 76 / 96 samples
Fra:1 Mem:44.22M (Peak 48.07M) | Time:00:00.38 | Rendering 96 / 96 samples
Saved: 'E:\Blender\game_character_gyaru\preview\threequarter.png'
 Time: 00:00.58 (Saving: 00:00.18)

Fra:16 Mem:43.38M (Peak 43.38M) | Time:00:00.02 | Syncing Body
Fra:16 Mem:44.71M (Peak 44.71M) | Time:00:00.02 | Syncing Gyaru_Rig
Fra:16 Mem:44.72M (Peak 44.72M) | Time:00:00.02 | Syncing Face
Fra:16 Mem:45.30M (Peak 45.30M) | Time:00:00.02 | Syncing Eyes_and_brows
Fra:16 Mem:45.83M (Peak 45.83M) | Time:00:00.02 | Syncing Accessories
Fra:16 Mem:45.88M (Peak 45.88M) | Time:00:00.02 | Syncing Top
Fra:16 Mem:46.08M (Peak 46.08M) | Time:00:00.02 | Syncing Shorts
Fra:16 Mem:46.60M (Peak 46.60M) | Time:00:00.02 | Syncing Footwear
Fra:16 Mem:47.07M (Peak 47.07M) | Time:00:00.02 | Syncing Hair
Fra:16 Mem:48.07M (Peak 48.07M) | Time:00:00.02 | Syncing Front
Fra:16 Mem:48.07M (Peak 48.07M) | Time:00:00.03 | Syncing Side
Fra:16 Mem:48.07M (Peak 48.07M) | Time:00:00.03 | Syncing Back
Fra:16 Mem:48.07M (Peak 48.07M) | Time:00:00.03 | Syncing ThreeQuarter
Fra:16 Mem:48.07M (Peak 48.07M) | Time:00:00.03 | Syncing Key
Fra:16 Mem:48.07M (Peak 48.07M) | Time:00:00.03 | Syncing Fill
Fra:16 Mem:48.07M (Peak 48.07M) | Time:00:00.03 | Syncing Rim
Fra:16 Mem:48.07M (Peak 48.07M) | Time:00:00.03 | Syncing Studio_ground
Fra:16 Mem:48.07M (Peak 48.07M) | Time:00:00.03 | Rendering 1 / 96 samples
Fra:16 Mem:44.22M (Peak 48.07M) | Time:00:00.15 | Rendering 26 / 96 samples
Fra:16 Mem:44.22M (Peak 48.07M) | Time:00:00.23 | Rendering 51 / 96 samples
Fra:16 Mem:44.22M (Peak 48.07M) | Time:00:00.32 | Rendering 76 / 96 samples
Fra:16 Mem:44.22M (Peak 48.07M) | Time:00:00.38 | Rendering 96 / 96 samples
Saved: 'E:\Blender\game_character_gyaru\preview\rig_check.png'
 Time: 00:00.52 (Saving: 00:00.12)

23:42:15 | INFO: Draco mesh compression is available, use library at E:\blender-3.6.7-windows-x64\3.6\python\lib\site-packages\extern_draco.dll
23:42:16 | INFO: Starting glTF 2.0 export
23:42:16 | INFO: Extracting primitive: Torus
23:42:16 | INFO: Primitives created: 1
23:42:16 | INFO: Extracting primitive: Torso_base
23:42:16 | INFO: Primitives created: 1
23:42:16 | INFO: Extracting primitive: Sphere.010
23:42:16 | INFO: Primitives created: 5
23:42:16 | INFO: Extracting primitive: Head
23:42:16 | INFO: Primitives created: 3
23:42:16 | INFO: Extracting primitive: Sphere.026
23:42:16 | INFO: Primitives created: 4
23:42:16 | INFO: Extracting primitive: Hair_cap
23:42:16 | INFO: Primitives created: 1
23:42:16 | INFO: Extracting primitive: Sphere.022
23:42:16 | INFO: Primitives created: 3
23:42:16 | INFO: Extracting primitive: Top_hem
23:42:16 | INFO: Primitives created: 1
23:42:17 | INFO: Finished glTF 2.0 export in 1.1034328937530518 s


FBX export starting... 'E:\\Blender\\game_character_gyaru/exports/gyaru_game_character.fbx'
(bpy.data.armatures['Gyaru_skeleton'], 'POSE')
(bpy.data.armatures['Gyaru_skeleton'], 'POSE')
(bpy.data.armatures['Gyaru_skeleton'], 'POSE')
(bpy.data.armatures['Gyaru_skeleton'], 'POSE')
(bpy.data.armatures['Gyaru_skeleton'], 'POSE')
(bpy.data.armatures['Gyaru_skeleton'], 'POSE')
(bpy.data.armatures['Gyaru_skeleton'], 'POSE')
(bpy.data.armatures['Gyaru_skeleton'], 'POSE')
export finished in 1.4688 sec.
Info: Saved "gyaru_game_character.blend"
fake_module: addon missing 'bl_info' gives bad performance!: 'C:\\Users\\FORYOUCOM\\AppData\\Roaming\\Blender Foundation\\Blender\\3.6\\scripts\\addons\\hair.py'
Data are loaded, start creating Blender stuff
glTF import finished in 0.46s
fake_module: addon missing 'bl_info' gives bad performance!: 'C:\\Users\\FORYOUCOM\\AppData\\Roaming\\Blender Foundation\\Blender\\3.6\\scripts\\addons\\hair.py'
FBX version: 7400
FINAL VALIDATION PASS

Blender quit
